2025-01-22 16:42:47,676 - INFO - Starting video processing and annotation export...
2025-01-22 16:42:47,676 - INFO - Starting process_video function...
2025-01-22 16:42:47,677 - INFO - Starting process_video function...
2025-01-22 16:42:47,677 - INFO - Loading YOLO model from best.pt...
2025-01-22 16:42:47,804 - INFO - Opening video file: test/in/cam1_FM002_FM003_caesar_soba_160125_220125.mp4...
2025-01-22 16:42:47,843 - INFO - Video properties - Frame count: 889, FPS: 24.027027027027028, Resolution: 1280x720
2025-01-22 16:42:47,915 - INFO - Processing frame 0...
2025-01-22 16:42:50,194 - INFO - Processing frame 5...
2025-01-22 16:42:50,225 - INFO - Processing frame 10...
2025-01-22 16:42:50,255 - INFO - Processing frame 15...
2025-01-22 16:42:50,285 - INFO - Processing frame 20...
2025-01-22 16:42:50,314 - INFO - Processing frame 25...
2025-01-22 16:42:50,344 - INFO - Processing frame 30...
2025-01-22 16:42:50,368 - INFO - Processing frame 35...
2025-01-22 16:42:50,394 - INFO - Processing frame 40...
2025-01-22 16:42:50,424 - INFO - Processing frame 45...
2025-01-22 16:42:50,455 - INFO - Processing frame 50...
2025-01-22 16:42:50,485 - INFO - Processing frame 55...
2025-01-22 16:42:50,518 - INFO - Processing frame 60...
2025-01-22 16:42:50,549 - INFO - Processing frame 65...
2025-01-22 16:42:50,582 - INFO - Processing frame 70...
2025-01-22 16:42:50,611 - INFO - Processing frame 75...
2025-01-22 16:42:50,642 - INFO - Processing frame 80...
2025-01-22 16:42:50,673 - INFO - Processing frame 85...
2025-01-22 16:42:50,705 - INFO - Processing frame 90...
2025-01-22 16:42:50,736 - INFO - Processing frame 95...
2025-01-22 16:42:50,769 - INFO - Processing frame 100...
2025-01-22 16:42:50,797 - INFO - Processing frame 105...
2025-01-22 16:42:50,829 - INFO - Processing frame 110...
2025-01-22 16:42:50,856 - INFO - Processing frame 115...
2025-01-22 16:42:50,883 - INFO - Processing frame 120...
2025-01-22 16:42:50,912 - INFO - Processing frame 125...
2025-01-22 16:42:50,942 - INFO - Processing frame 130...
2025-01-22 16:42:50,972 - INFO - Processing frame 135...
2025-01-22 16:42:51,003 - INFO - Processing frame 140...
2025-01-22 16:42:51,033 - INFO - Processing frame 145...
2025-01-22 16:42:51,060 - INFO - Processing frame 150...
2025-01-22 16:42:51,089 - INFO - Processing frame 155...
2025-01-22 16:42:51,121 - INFO - Processing frame 160...
2025-01-22 16:42:51,148 - INFO - Processing frame 165...
2025-01-22 16:42:51,177 - INFO - Processing frame 170...
2025-01-22 16:42:51,209 - INFO - Processing frame 175...
2025-01-22 16:42:51,239 - INFO - Processing frame 180...
2025-01-22 16:42:51,266 - INFO - Processing frame 185...
2025-01-22 16:42:51,296 - INFO - Processing frame 190...
2025-01-22 16:42:51,325 - INFO - Processing frame 195...
2025-01-22 16:42:51,354 - INFO - Processing frame 200...
2025-01-22 16:42:51,383 - INFO - Processing frame 205...
2025-01-22 16:42:51,413 - INFO - Processing frame 210...
2025-01-22 16:42:51,444 - INFO - Processing frame 215...
2025-01-22 16:42:51,473 - INFO - Processing frame 220...
2025-01-22 16:42:51,503 - INFO - Processing frame 225...
2025-01-22 16:42:51,543 - INFO - Processing frame 230...
2025-01-22 16:42:51,586 - INFO - Processing frame 235...
2025-01-22 16:42:51,623 - INFO - Processing frame 240...
2025-01-22 16:42:51,657 - INFO - Processing frame 245...
2025-01-22 16:42:51,732 - INFO - Processing frame 250...
2025-01-22 16:42:51,773 - INFO - Processing frame 255...
2025-01-22 16:42:51,805 - INFO - Processing frame 260...
2025-01-22 16:42:51,833 - INFO - Processing frame 265...
2025-01-22 16:42:51,863 - INFO - Processing frame 270...
2025-01-22 16:42:51,897 - INFO - Processing frame 275...
2025-01-22 16:42:51,924 - INFO - Processing frame 280...
2025-01-22 16:42:51,954 - INFO - Processing frame 285...
2025-01-22 16:42:51,986 - INFO - Processing frame 290...
2025-01-22 16:42:52,017 - INFO - Processing frame 295...
2025-01-22 16:42:52,045 - INFO - Processing frame 300...
2025-01-22 16:42:52,073 - INFO - Processing frame 305...
2025-01-22 16:42:52,102 - INFO - Processing frame 310...
2025-01-22 16:42:52,136 - INFO - Processing frame 315...
2025-01-22 16:42:52,166 - INFO - Processing frame 320...
2025-01-22 16:42:52,195 - INFO - Processing frame 325...
2025-01-22 16:42:52,219 - INFO - Processing frame 330...
2025-01-22 16:42:52,246 - INFO - Processing frame 335...
2025-01-22 16:42:52,272 - INFO - Processing frame 340...
2025-01-22 16:42:52,295 - INFO - Processing frame 345...
2025-01-22 16:42:52,321 - INFO - Processing frame 350...
2025-01-22 16:42:52,345 - INFO - Processing frame 355...
2025-01-22 16:42:52,369 - INFO - Processing frame 360...
2025-01-22 16:42:52,393 - INFO - Processing frame 365...
2025-01-22 16:42:52,417 - INFO - Processing frame 370...
2025-01-22 16:42:52,442 - INFO - Processing frame 375...
2025-01-22 16:42:52,466 - INFO - Processing frame 380...
2025-01-22 16:42:52,493 - INFO - Processing frame 385...
2025-01-22 16:42:52,521 - INFO - Processing frame 390...
2025-01-22 16:42:52,549 - INFO - Processing frame 395...
2025-01-22 16:42:52,576 - INFO - Processing frame 400...
2025-01-22 16:42:52,604 - INFO - Processing frame 405...
2025-01-22 16:42:52,631 - INFO - Processing frame 410...
2025-01-22 16:42:52,661 - INFO - Processing frame 415...
2025-01-22 16:42:52,692 - INFO - Processing frame 420...
2025-01-22 16:42:52,718 - INFO - Processing frame 425...
2025-01-22 16:42:52,745 - INFO - Processing frame 430...
2025-01-22 16:42:52,773 - INFO - Processing frame 435...
2025-01-22 16:42:52,803 - INFO - Processing frame 440...
2025-01-22 16:42:52,830 - INFO - Processing frame 445...
2025-01-22 16:42:52,863 - INFO - Processing frame 450...
2025-01-22 16:42:52,891 - INFO - Processing frame 455...
2025-01-22 16:42:52,917 - INFO - Processing frame 460...
2025-01-22 16:42:52,945 - INFO - Processing frame 465...
2025-01-22 16:42:52,973 - INFO - Processing frame 470...
2025-01-22 16:42:53,002 - INFO - Processing frame 475...
2025-01-22 16:42:53,027 - INFO - Processing frame 480...
2025-01-22 16:42:53,053 - INFO - Processing frame 485...
2025-01-22 16:42:53,080 - INFO - Processing frame 490...
2025-01-22 16:42:53,109 - INFO - Processing frame 495...
2025-01-22 16:42:53,135 - INFO - Processing frame 500...
2025-01-22 16:42:53,163 - INFO - Processing frame 505...
2025-01-22 16:42:53,192 - INFO - Processing frame 510...
2025-01-22 16:42:53,219 - INFO - Processing frame 515...
2025-01-22 16:42:53,248 - INFO - Processing frame 520...
2025-01-22 16:42:53,277 - INFO - Processing frame 525...
2025-01-22 16:42:53,306 - INFO - Processing frame 530...
2025-01-22 16:42:53,335 - INFO - Processing frame 535...
2025-01-22 16:42:53,362 - INFO - Processing frame 540...
2025-01-22 16:42:53,389 - INFO - Processing frame 545...
2025-01-22 16:42:53,417 - INFO - Processing frame 550...
2025-01-22 16:42:53,444 - INFO - Processing frame 555...
2025-01-22 16:42:53,472 - INFO - Processing frame 560...
2025-01-22 16:42:53,500 - INFO - Processing frame 565...
2025-01-22 16:42:53,525 - INFO - Processing frame 570...
2025-01-22 16:42:53,555 - INFO - Processing frame 575...
2025-01-22 16:42:53,584 - INFO - Processing frame 580...
2025-01-22 16:42:53,613 - INFO - Processing frame 585...
2025-01-22 16:42:53,640 - INFO - Processing frame 590...
2025-01-22 16:42:53,667 - INFO - Processing frame 595...
2025-01-22 16:42:53,695 - INFO - Processing frame 600...
2025-01-22 16:42:53,722 - INFO - Processing frame 605...
2025-01-22 16:42:53,746 - INFO - Processing frame 610...
2025-01-22 16:42:53,795 - INFO - Processing frame 615...
2025-01-22 16:42:53,836 - INFO - Processing frame 620...
2025-01-22 16:42:53,868 - INFO - Processing frame 625...
2025-01-22 16:42:53,894 - INFO - Processing frame 630...
2025-01-22 16:42:53,919 - INFO - Processing frame 635...
2025-01-22 16:42:53,944 - INFO - Processing frame 640...
2025-01-22 16:42:53,973 - INFO - Processing frame 645...
2025-01-22 16:42:54,003 - INFO - Processing frame 650...
2025-01-22 16:42:54,029 - INFO - Processing frame 655...
2025-01-22 16:42:54,055 - INFO - Processing frame 660...
2025-01-22 16:42:54,082 - INFO - Processing frame 665...
2025-01-22 16:42:54,107 - INFO - Processing frame 670...
2025-01-22 16:42:54,134 - INFO - Processing frame 675...
2025-01-22 16:42:54,162 - INFO - Processing frame 680...
2025-01-22 16:42:54,189 - INFO - Processing frame 685...
2025-01-22 16:42:54,219 - INFO - Processing frame 690...
2025-01-22 16:42:54,247 - INFO - Processing frame 695...
2025-01-22 16:42:54,277 - INFO - Processing frame 700...
2025-01-22 16:42:54,305 - INFO - Processing frame 705...
2025-01-22 16:42:54,332 - INFO - Processing frame 710...
2025-01-22 16:42:54,358 - INFO - Processing frame 715...
2025-01-22 16:42:54,388 - INFO - Processing frame 720...
2025-01-22 16:42:54,416 - INFO - Processing frame 725...
2025-01-22 16:42:54,441 - INFO - Processing frame 730...
2025-01-22 16:42:54,468 - INFO - Processing frame 735...
2025-01-22 16:42:54,502 - INFO - Processing frame 740...
2025-01-22 16:42:54,528 - INFO - Processing frame 745...
2025-01-22 16:42:54,559 - INFO - Processing frame 750...
2025-01-22 16:42:54,582 - INFO - Processing frame 755...
2025-01-22 16:42:54,606 - INFO - Processing frame 760...
2025-01-22 16:42:54,631 - INFO - Processing frame 765...
2025-01-22 16:42:54,657 - INFO - Processing frame 770...
2025-01-22 16:42:54,687 - INFO - Processing frame 775...
2025-01-22 16:42:54,715 - INFO - Processing frame 780...
2025-01-22 16:42:54,743 - INFO - Processing frame 785...
2025-01-22 16:42:54,774 - INFO - Processing frame 790...
2025-01-22 16:42:54,808 - INFO - Processing frame 795...
2025-01-22 16:42:54,835 - INFO - Processing frame 800...
2025-01-22 16:42:54,865 - INFO - Processing frame 805...
2025-01-22 16:42:54,893 - INFO - Processing frame 810...
2025-01-22 16:42:54,919 - INFO - Processing frame 815...
2025-01-22 16:42:54,947 - INFO - Processing frame 820...
2025-01-22 16:42:54,975 - INFO - Processing frame 825...
2025-01-22 16:42:55,007 - INFO - Processing frame 830...
2025-01-22 16:42:55,039 - INFO - Processing frame 835...
2025-01-22 16:42:55,064 - INFO - Processing frame 840...
2025-01-22 16:42:55,092 - INFO - Processing frame 845...
2025-01-22 16:42:55,119 - INFO - Processing frame 850...
2025-01-22 16:42:55,147 - INFO - Processing frame 855...
2025-01-22 16:42:55,171 - INFO - Processing frame 860...
2025-01-22 16:42:55,201 - INFO - Processing frame 865...
2025-01-22 16:42:55,226 - INFO - Processing frame 870...
2025-01-22 16:42:55,254 - INFO - Processing frame 875...
2025-01-22 16:42:55,281 - INFO - Processing frame 880...
2025-01-22 16:42:55,308 - INFO - Processing frame 885...
2025-01-22 16:42:55,329 - INFO - Reached end of video.
2025-01-22 16:42:55,329 - INFO - Releasing video capture...
2025-01-22 16:42:55,336 - INFO - Exporting detections to CVAT XML...
2025-01-22 16:42:55,337 - INFO - Starting export_to_cvat function...
2025-01-22 16:42:55,353 - INFO - Annotations exported to test/out/output.xml
2025-01-22 16:42:55,353 - INFO - Export to CVAT XML completed.
2025-01-22 16:42:55,354 - INFO - Finished process_video function. Annotations exported.
